[demo.themefisher.com/promodise/index.html]
[backblue.gif]
[fade.gif]
[index.html]
[demo.themefisher.com/promodise/plugins/bootstrap/bootstrap.min.css]
[demo.themefisher.com/promodise/plugins/fontawesome/css/all.css]
[demo.themefisher.com/promodise/plugins/icofont/icofont.css]
[demo.themefisher.com/promodise/css/style.css]
[demo.themefisher.com/promodise/images/favicon.png]
[demo.themefisher.com/promodise/images/logo.png]
[demo.themefisher.com/promodise/index-2.html]
[demo.themefisher.com/promodise/index-3.html]
[demo.themefisher.com/promodise/about.html]
[demo.themefisher.com/promodise/service.html]
[demo.themefisher.com/promodise/pricing.html]
[demo.themefisher.com/promodise/blog.html]
[demo.themefisher.com/promodise/contact.html]
[demo.themefisher.com/promodise/images/banner/why-choose.png]
[demo.themefisher.com/promodise/images/icon/007-digital-marketing-3.png]
[demo.themefisher.com/promodise/images/icon/008-digital-marketing-2.png]
[demo.themefisher.com/promodise/images/icon/003-task.png]
[demo.themefisher.com/promodise/images/icon/010-digital-marketing.png]
[demo.themefisher.com/promodise/images/icon/006-analytics.png]
[demo.themefisher.com/promodise/images/icon/004-hiring.png]
[demo.themefisher.com/promodise/images/author/3b.jpg]
[demo.themefisher.com/promodise/images/author/5b.jpg]
[demo.themefisher.com/promodise/images/clients/client01.png]
[demo.themefisher.com/promodise/images/clients/client06.png]
[demo.themefisher.com/promodise/images/clients/client04.png]
[demo.themefisher.com/promodise/images/clients/client05.png]
[demo.themefisher.com/promodise/images/blog/blog-1.jpg]
[demo.themefisher.com/promodise/blog-single.html]
[demo.themefisher.com/promodise/images/blog/blog-2.jpg]
[demo.themefisher.com/promodise/images/blog/blog-3.jpg]
[demo.themefisher.com/promodise/plugins/jquery/jquery.min.js]
[demo.themefisher.com/promodise/plugins/bootstrap/bootstrap.min.js]
[demo.themefisher.com/promodise/plugins/google-map/map.js]
[demo.themefisher.com/promodise/index.html]
[demo.themefisher.com/promodise/plugins/bootstrap/bootstrap.min.css]
[demo.themefisher.com/promodise/js/script.js]
[demo.themefisher.com/promodise/plugins/fontawesome/webfonts/fa-brands-400.eot]
[demo.themefisher.com/promodise/plugins/fontawesome/webfonts/fa-brands-400.woff2]
[demo.themefisher.com/promodise/plugins/fontawesome/webfonts/fa-brands-400d41d.eot]
[demo.themefisher.com/promodise/plugins/fontawesome/webfonts/fa-brands-400.woff]
[demo.themefisher.com/promodise/plugins/fontawesome/webfonts/fa-brands-400.ttf]
[demo.themefisher.com/promodise/plugins/fontawesome/webfonts/fa-regular-400.eot]
[demo.themefisher.com/promodise/plugins/fontawesome/webfonts/fa-brands-400.svg]
[demo.themefisher.com/promodise/plugins/fontawesome/webfonts/fa-regular-400d41d.eot]
[demo.themefisher.com/promodise/plugins/fontawesome/webfonts/fa-regular-400.woff2]
[demo.themefisher.com/promodise/plugins/fontawesome/webfonts/fa-regular-400.woff]
[demo.themefisher.com/promodise/plugins/fontawesome/webfonts/fa-regular-400.ttf]
[demo.themefisher.com/promodise/plugins/fontawesome/webfonts/fa-regular-400.svg]
[demo.themefisher.com/promodise/plugins/fontawesome/webfonts/fa-solid-900.eot]
[demo.themefisher.com/promodise/plugins/fontawesome/webfonts/fa-solid-900d41d.eot]
[demo.themefisher.com/promodise/plugins/fontawesome/webfonts/fa-solid-900.woff2]
[demo.themefisher.com/promodise/plugins/fontawesome/webfonts/fa-solid-900.woff]
[demo.themefisher.com/promodise/plugins/fontawesome/webfonts/fa-solid-900.ttf]
[demo.themefisher.com/promodise/plugins/fontawesome/css/all.css]
[demo.themefisher.com/promodise/plugins/fontawesome/webfonts/fa-solid-900.svg]
[demo.themefisher.com/promodise/plugins/icofont/fonts/icofont.woff2]
[demo.themefisher.com/promodise/plugins/icofont/fonts/icofont.woff]
[demo.themefisher.com/promodise/plugins/icofont/icofont.css]
[demo.themefisher.com/promodise/images/banner/bg-2.jpg]
[demo.themefisher.com/promodise/images/banner/slider-3.jpg]
[demo.themefisher.com/promodise/images/banner/banner-bg.jpg]
[demo.themefisher.com/promodise/images/banner/1.jpg]
[demo.themefisher.com/promodise/images/bg/bg-1.jpg]
[demo.themefisher.com/promodise/images/banner/pattern-3.png]
[demo.themefisher.com/promodise/images/bg/bg-2.jpg]
[demo.themefisher.com/promodise/images/bg/2.png]
[demo.themefisher.com/promodise/css/style.css]
[demo.themefisher.com/promodise/index-2.html]
[demo.themefisher.com/promodise/index-3.html]
[demo.themefisher.com/promodise/images/about/about-4.jpg]
[demo.themefisher.com/promodise/images/about/h-1.jpg]
[demo.themefisher.com/promodise/images/about/h-2.jpg]
[demo.themefisher.com/promodise/images/team/team-1.jpg]
[demo.themefisher.com/promodise/images/team/team-2.jpg]
[demo.themefisher.com/promodise/images/team/team-3.jpg]
[demo.themefisher.com/promodise/images/team/team-4.jpg]
[demo.themefisher.com/promodise/about.html]
[demo.themefisher.com/promodise/images/bg/2-min.jpg]
[demo.themefisher.com/promodise/service.html]
[demo.themefisher.com/promodise/pricing.html]
[demo.themefisher.com/promodise/images/blog/blog-lg.jpg]
[demo.themefisher.com/promodise/images/blog/blog-4.jpg]
[demo.themefisher.com/promodise/blog.html]
[demo.themefisher.com/promodise/images/marker.png]
[demo.themefisher.com/promodise/contact.html]
[demo.themefisher.com/promodise/images/blog/2.jpg]
[demo.themefisher.com/promodise/blog-single.html]
[demo.themefisher.com/promodise/plugins/fontawesome/webfonts/fa-brands-400.svg]
[demo.themefisher.com/promodise/plugins/fontawesome/webfonts/fa-regular-400.svg]
[demo.themefisher.com/promodise/plugins/fontawesome/webfonts/fa-solid-900.svg]
